2026-06-07 15:57:07,709 [DEBUG] CloudFormation client initialized with endpoint https://cloudformation.ap-south-1.amazonaws.com
2026-06-07 15:57:07,710 [DEBUG] SQS client initialized with endpoint https://sqs.ap-south-1.amazonaws.com
2026-06-07 15:57:07,710 [DEBUG] CloudFormation client initialized with endpoint https://cloudformation.ap-south-1.amazonaws.com
2026-06-07 15:57:07,710 [DEBUG] Enabled single threading mode.
2026-06-07 15:57:07,710 [DEBUG] Creating /var/lib/cfn-hup/data
2026-06-07 15:57:07,723 [INFO] No umask value specified in config file. Using the default one: 0o22
2026-06-07 15:57:07,789 [INFO] Pid: 1797
2026-06-07 15:57:08,049 [INFO] Refreshing listener credentials
2026-06-07 15:57:08,130 [INFO] Scheduling next credential refresh in 1800.0 seconds
2026-06-07 15:59:49,412 [WARNING] Timeout of 60 seconds breached
2026-06-07 15:59:49,412 [ERROR] Client-side timeout
Traceback (most recent call last):
  File "/usr/lib/python3.9/site-packages/cfnbootstrap/util.py", line 191, in _retry
    return f(*args, **kwargs)
  File "/usr/lib/python3.9/site-packages/cfnbootstrap/util.py", line 264, in _timeout
    raise TimeoutError(
cfnbootstrap.util.TimeoutError
2026-06-07 16:02:49,974 [WARNING] Timeout of 60 seconds breached
2026-06-07 16:02:49,975 [ERROR] Client-side timeout
Traceback (most recent call last):
  File "/usr/lib/python3.9/site-packages/cfnbootstrap/util.py", line 191, in _retry
    return f(*args, **kwargs)
  File "/usr/lib/python3.9/site-packages/cfnbootstrap/util.py", line 264, in _timeout
    raise TimeoutError(
cfnbootstrap.util.TimeoutError
2026-06-07 16:02:50,190 [INFO] Received command ElasticBeanstalkCommand-AWSEBAutoScalingGroup (invocation id: 64a0e67a-2acd-4fda-a06a-ad403b660e1b)
2026-06-07 16:02:50,190 [INFO] Running action for aws-eb-command-handler
2026-06-07 16:03:00,414 [INFO] Action for aws-eb-command-handler succeeded, returning SUCCESS
2026-06-07 16:03:00,470 [INFO] command processing is alive.
2026-06-07 16:03:10,493 [INFO] Shutting down cfn-hup with signal: 15
2026-06-07 16:03:20,766 [DEBUG] CloudFormation client initialized with endpoint https://cloudformation.ap-south-1.amazonaws.com
2026-06-07 16:03:20,767 [DEBUG] SQS client initialized with endpoint https://sqs.ap-south-1.amazonaws.com
2026-06-07 16:03:20,767 [DEBUG] CloudFormation client initialized with endpoint https://cloudformation.ap-south-1.amazonaws.com
2026-06-07 16:03:20,767 [DEBUG] Enabled single threading mode.
2026-06-07 16:03:20,777 [INFO] No umask value specified in config file. Using the default one: 0o22
2026-06-07 16:03:20,826 [INFO] Pid: 5614
2026-06-07 16:03:21,078 [INFO] Refreshing listener credentials
2026-06-07 16:03:21,150 [INFO] Scheduling next credential refresh in 1799.0 seconds
2026-06-07 16:08:21,593 [INFO] command processing is alive.
2026-06-07 16:13:22,065 [INFO] command processing is alive.
2026-06-07 16:18:22,528 [INFO] command processing is alive.
2026-06-07 16:23:22,932 [INFO] command processing is alive.
2026-06-07 16:28:23,309 [INFO] command processing is alive.
2026-06-07 16:33:20,150 [INFO] Refreshing listener credentials
2026-06-07 16:33:20,219 [INFO] Scheduling next credential refresh in 1799.0 seconds
2026-06-07 16:33:23,679 [INFO] command processing is alive.
2026-06-07 16:38:24,045 [INFO] command processing is alive.
2026-06-07 16:43:24,403 [INFO] command processing is alive.
2026-06-07 16:48:24,767 [INFO] command processing is alive.
2026-06-07 16:53:25,166 [INFO] command processing is alive.
2026-06-07 16:58:25,510 [INFO] command processing is alive.
2026-06-07 17:03:19,219 [INFO] Refreshing listener credentials
2026-06-07 17:03:19,300 [INFO] Scheduling next credential refresh in 1799.0 seconds
2026-06-07 17:03:25,871 [INFO] command processing is alive.
2026-06-07 17:08:26,250 [INFO] command processing is alive.
2026-06-07 17:13:26,620 [INFO] command processing is alive.
2026-06-07 17:18:26,999 [INFO] command processing is alive.
2026-06-07 17:23:27,372 [INFO] command processing is alive.
2026-06-07 17:28:27,760 [INFO] command processing is alive.
2026-06-07 17:33:18,300 [INFO] Refreshing listener credentials
2026-06-07 17:33:18,373 [INFO] Scheduling next credential refresh in 1799.0 seconds
2026-06-07 17:33:28,127 [INFO] command processing is alive.
2026-06-07 17:38:28,549 [INFO] command processing is alive.
2026-06-07 17:43:28,915 [INFO] command processing is alive.
2026-06-07 17:48:29,288 [INFO] command processing is alive.
2026-06-07 17:53:29,654 [INFO] command processing is alive.
2026-06-07 17:58:30,031 [INFO] command processing is alive.
2026-06-07 18:03:17,374 [INFO] Refreshing listener credentials
2026-06-07 18:03:17,447 [INFO] Scheduling next credential refresh in 1799.0 seconds
2026-06-07 18:03:30,380 [INFO] command processing is alive.
2026-06-07 18:08:30,735 [INFO] command processing is alive.
2026-06-07 18:13:31,085 [INFO] command processing is alive.
2026-06-07 18:18:31,446 [INFO] command processing is alive.
2026-06-07 18:23:31,821 [INFO] command processing is alive.
2026-06-07 18:28:32,193 [INFO] command processing is alive.
2026-06-07 18:33:16,447 [INFO] Refreshing listener credentials
2026-06-07 18:33:16,514 [INFO] Scheduling next credential refresh in 1799.0 seconds
2026-06-07 18:33:32,564 [INFO] command processing is alive.
2026-06-07 18:38:32,938 [INFO] command processing is alive.
2026-06-07 18:43:33,281 [INFO] command processing is alive.
2026-06-07 18:48:33,637 [INFO] command processing is alive.
2026-06-07 18:53:33,989 [INFO] command processing is alive.
2026-06-07 18:58:34,347 [INFO] command processing is alive.
2026-06-07 19:03:15,515 [INFO] Refreshing listener credentials
2026-06-07 19:03:15,589 [INFO] Scheduling next credential refresh in 1799.0 seconds
2026-06-07 19:03:34,712 [INFO] command processing is alive.
2026-06-07 19:08:35,073 [INFO] command processing is alive.
2026-06-07 19:13:35,426 [INFO] command processing is alive.
2026-06-07 19:18:35,780 [INFO] command processing is alive.
2026-06-07 19:23:36,145 [INFO] command processing is alive.
2026-06-07 19:28:36,538 [INFO] command processing is alive.
2026-06-07 19:33:14,589 [INFO] Refreshing listener credentials
2026-06-07 19:33:14,660 [INFO] Scheduling next credential refresh in 1799.0 seconds
2026-06-07 19:33:36,902 [INFO] command processing is alive.
2026-06-07 19:38:37,264 [INFO] command processing is alive.
2026-06-07 19:43:37,647 [INFO] command processing is alive.
2026-06-07 19:48:38,006 [INFO] command processing is alive.
2026-06-07 19:53:38,414 [INFO] command processing is alive.
2026-06-07 19:58:38,806 [INFO] command processing is alive.
2026-06-07 20:03:13,661 [INFO] Refreshing listener credentials
2026-06-07 20:03:13,731 [INFO] Scheduling next credential refresh in 1799.0 seconds
2026-06-07 20:03:39,224 [INFO] command processing is alive.
2026-06-07 20:08:39,610 [INFO] command processing is alive.
2026-06-07 20:13:39,986 [INFO] command processing is alive.
2026-06-07 20:18:40,405 [INFO] command processing is alive.
2026-06-07 20:23:40,792 [INFO] command processing is alive.
2026-06-07 20:28:41,175 [INFO] command processing is alive.
2026-06-07 20:33:12,731 [INFO] Refreshing listener credentials
2026-06-07 20:33:12,795 [INFO] Scheduling next credential refresh in 1799.0 seconds
2026-06-07 20:33:41,622 [INFO] command processing is alive.
2026-06-07 20:38:42,095 [INFO] command processing is alive.
2026-06-07 20:43:42,637 [INFO] command processing is alive.
2026-06-07 20:48:43,041 [INFO] command processing is alive.
2026-06-07 20:53:43,401 [INFO] command processing is alive.
2026-06-07 20:58:43,762 [INFO] command processing is alive.
2026-06-07 21:03:11,796 [INFO] Refreshing listener credentials
2026-06-07 21:03:11,863 [INFO] Scheduling next credential refresh in 1799.0 seconds
2026-06-07 21:03:44,135 [INFO] command processing is alive.
2026-06-07 21:08:44,496 [INFO] command processing is alive.
2026-06-07 21:13:44,858 [INFO] command processing is alive.
2026-06-07 21:18:45,223 [INFO] command processing is alive.
2026-06-07 21:23:45,583 [INFO] command processing is alive.
2026-06-07 21:28:45,955 [INFO] command processing is alive.
2026-06-07 21:33:10,864 [INFO] Refreshing listener credentials
2026-06-07 21:33:10,935 [INFO] Scheduling next credential refresh in 1799.0 seconds
2026-06-07 21:33:46,341 [INFO] command processing is alive.
2026-06-07 21:38:46,702 [INFO] command processing is alive.
2026-06-07 21:43:47,072 [INFO] command processing is alive.
2026-06-07 21:48:47,439 [INFO] command processing is alive.
2026-06-07 21:53:47,815 [INFO] command processing is alive.
2026-06-07 21:58:48,189 [INFO] command processing is alive.
2026-06-07 22:03:09,936 [INFO] Refreshing listener credentials
2026-06-07 22:03:10,005 [INFO] Scheduling next credential refresh in 1799.0 seconds
2026-06-07 22:03:48,561 [INFO] command processing is alive.
2026-06-07 22:08:48,935 [INFO] command processing is alive.
2026-06-07 22:13:49,308 [INFO] command processing is alive.
2026-06-07 22:18:49,734 [INFO] command processing is alive.
2026-06-07 22:23:50,109 [INFO] command processing is alive.
2026-06-07 22:28:50,465 [INFO] command processing is alive.
2026-06-07 22:33:09,006 [INFO] Refreshing listener credentials
2026-06-07 22:33:09,082 [INFO] Scheduling next credential refresh in 1799.0 seconds
2026-06-07 22:33:50,828 [INFO] command processing is alive.
2026-06-07 22:38:51,183 [INFO] command processing is alive.
2026-06-07 22:43:51,551 [INFO] command processing is alive.
2026-06-07 22:48:51,905 [INFO] command processing is alive.
2026-06-07 22:53:52,272 [INFO] command processing is alive.
2026-06-07 22:58:52,622 [INFO] command processing is alive.
2026-06-07 23:03:08,082 [INFO] Refreshing listener credentials
2026-06-07 23:03:08,156 [INFO] Scheduling next credential refresh in 1799.0 seconds
2026-06-07 23:03:52,975 [INFO] command processing is alive.
2026-06-07 23:08:53,337 [INFO] command processing is alive.
2026-06-07 23:13:53,704 [INFO] command processing is alive.
2026-06-07 23:18:54,080 [INFO] command processing is alive.
2026-06-07 23:23:54,430 [INFO] command processing is alive.
2026-06-07 23:28:54,798 [INFO] command processing is alive.
2026-06-07 23:33:07,156 [INFO] Refreshing listener credentials
2026-06-07 23:33:07,223 [INFO] Scheduling next credential refresh in 1799.0 seconds
2026-06-07 23:33:55,167 [INFO] command processing is alive.
2026-06-07 23:38:55,523 [INFO] command processing is alive.
2026-06-07 23:43:55,883 [INFO] command processing is alive.
2026-06-07 23:48:56,270 [INFO] command processing is alive.
2026-06-07 23:53:56,639 [INFO] command processing is alive.
2026-06-07 23:58:56,998 [INFO] command processing is alive.
2026-06-08 00:03:06,223 [INFO] Refreshing listener credentials
2026-06-08 00:03:06,294 [INFO] Scheduling next credential refresh in 1799.0 seconds
2026-06-08 00:03:57,343 [INFO] command processing is alive.
2026-06-08 00:08:57,705 [INFO] command processing is alive.
2026-06-08 00:13:58,079 [INFO] command processing is alive.
2026-06-08 00:18:58,438 [INFO] command processing is alive.
2026-06-08 00:23:58,793 [INFO] command processing is alive.
2026-06-08 00:28:59,157 [INFO] command processing is alive.
2026-06-08 00:33:05,295 [INFO] Refreshing listener credentials
2026-06-08 00:33:05,370 [INFO] Scheduling next credential refresh in 1799.0 seconds
2026-06-08 00:33:59,524 [INFO] command processing is alive.
2026-06-08 00:38:59,917 [INFO] command processing is alive.
2026-06-08 00:44:00,386 [INFO] command processing is alive.
2026-06-08 00:49:00,780 [INFO] command processing is alive.
2026-06-08 00:54:01,202 [INFO] command processing is alive.
2026-06-08 00:59:01,670 [INFO] command processing is alive.
2026-06-08 01:03:04,371 [INFO] Refreshing listener credentials
2026-06-08 01:03:04,448 [INFO] Scheduling next credential refresh in 1799.0 seconds
2026-06-08 01:04:02,143 [INFO] command processing is alive.
2026-06-08 01:09:02,566 [INFO] command processing is alive.
2026-06-08 01:14:02,959 [INFO] command processing is alive.
2026-06-08 01:19:03,329 [INFO] command processing is alive.
2026-06-08 01:24:03,687 [INFO] command processing is alive.
2026-06-08 01:29:04,047 [INFO] command processing is alive.
2026-06-08 01:33:03,449 [INFO] Refreshing listener credentials
2026-06-08 01:33:03,526 [INFO] Scheduling next credential refresh in 1799.0 seconds
2026-06-08 01:34:04,417 [INFO] command processing is alive.
2026-06-08 01:39:04,785 [INFO] command processing is alive.
2026-06-08 01:44:05,142 [INFO] command processing is alive.
2026-06-08 01:49:05,498 [INFO] command processing is alive.
2026-06-08 01:54:05,896 [INFO] command processing is alive.
2026-06-08 01:59:06,276 [INFO] command processing is alive.
2026-06-08 02:03:02,527 [INFO] Refreshing listener credentials
2026-06-08 02:03:02,596 [INFO] Scheduling next credential refresh in 1799.0 seconds
2026-06-08 02:04:06,653 [INFO] command processing is alive.
2026-06-08 02:09:07,002 [INFO] command processing is alive.
2026-06-08 02:14:07,360 [INFO] command processing is alive.
2026-06-08 02:19:07,710 [INFO] command processing is alive.
2026-06-08 02:24:08,076 [INFO] command processing is alive.
2026-06-08 02:29:08,448 [INFO] command processing is alive.
2026-06-08 02:33:01,597 [INFO] Refreshing listener credentials
2026-06-08 02:33:01,684 [INFO] Scheduling next credential refresh in 1799.0 seconds
2026-06-08 02:34:08,861 [INFO] command processing is alive.
2026-06-08 02:39:09,242 [INFO] command processing is alive.
2026-06-08 02:44:09,624 [INFO] command processing is alive.
2026-06-08 02:49:10,004 [INFO] command processing is alive.
2026-06-08 02:54:10,364 [INFO] command processing is alive.
2026-06-08 02:59:10,744 [INFO] command processing is alive.
2026-06-08 03:03:00,684 [INFO] Refreshing listener credentials
2026-06-08 03:03:00,757 [INFO] Scheduling next credential refresh in 1799.0 seconds
2026-06-08 03:04:11,113 [INFO] command processing is alive.
2026-06-08 03:09:11,518 [INFO] command processing is alive.
2026-06-08 03:14:11,896 [INFO] command processing is alive.
2026-06-08 03:19:12,262 [INFO] command processing is alive.
2026-06-08 03:24:12,608 [INFO] command processing is alive.
2026-06-08 03:29:12,962 [INFO] command processing is alive.
2026-06-08 03:32:59,757 [INFO] Refreshing listener credentials
2026-06-08 03:32:59,826 [INFO] Scheduling next credential refresh in 1799.0 seconds
2026-06-08 03:34:13,335 [INFO] command processing is alive.
2026-06-08 03:39:13,705 [INFO] command processing is alive.
2026-06-08 03:44:14,051 [INFO] command processing is alive.
2026-06-08 03:49:14,414 [INFO] command processing is alive.
2026-06-08 03:54:14,777 [INFO] command processing is alive.
2026-06-08 03:59:15,153 [INFO] command processing is alive.
2026-06-08 04:02:58,827 [INFO] Refreshing listener credentials
2026-06-08 04:02:58,906 [INFO] Scheduling next credential refresh in 1799.0 seconds
2026-06-08 04:04:15,538 [INFO] command processing is alive.
2026-06-08 04:09:15,941 [INFO] command processing is alive.
2026-06-08 04:14:16,304 [INFO] command processing is alive.
2026-06-08 04:19:16,662 [INFO] command processing is alive.
2026-06-08 04:24:17,021 [INFO] command processing is alive.
2026-06-08 04:29:17,407 [INFO] command processing is alive.
2026-06-08 04:32:57,906 [INFO] Refreshing listener credentials
2026-06-08 04:32:57,973 [INFO] Scheduling next credential refresh in 1799.0 seconds
2026-06-08 04:34:17,793 [INFO] command processing is alive.
2026-06-08 04:39:18,141 [INFO] command processing is alive.
2026-06-08 04:44:18,501 [INFO] command processing is alive.
2026-06-08 04:49:18,859 [INFO] command processing is alive.
2026-06-08 04:54:19,218 [INFO] command processing is alive.
2026-06-08 04:59:19,575 [INFO] command processing is alive.
2026-06-08 05:02:56,973 [INFO] Refreshing listener credentials
2026-06-08 05:02:57,049 [INFO] Scheduling next credential refresh in 1799.0 seconds
2026-06-08 05:04:19,951 [INFO] command processing is alive.
2026-06-08 05:09:20,385 [INFO] command processing is alive.
2026-06-08 05:14:20,753 [INFO] command processing is alive.
2026-06-08 05:19:21,102 [INFO] command processing is alive.
2026-06-08 05:24:21,552 [INFO] command processing is alive.
2026-06-08 05:29:22,024 [INFO] command processing is alive.
2026-06-08 05:32:56,050 [INFO] Refreshing listener credentials
2026-06-08 05:32:56,125 [INFO] Scheduling next credential refresh in 1799.0 seconds
2026-06-08 05:34:22,463 [INFO] command processing is alive.
2026-06-08 05:39:22,848 [INFO] command processing is alive.
2026-06-08 05:44:23,236 [INFO] command processing is alive.
2026-06-08 05:49:23,642 [INFO] command processing is alive.
2026-06-08 05:54:23,999 [INFO] command processing is alive.
2026-06-08 05:59:24,349 [INFO] command processing is alive.
2026-06-08 06:02:55,126 [INFO] Refreshing listener credentials
2026-06-08 06:02:55,197 [INFO] Scheduling next credential refresh in 1799.0 seconds
2026-06-08 06:04:24,707 [INFO] command processing is alive.
2026-06-08 06:09:25,112 [INFO] command processing is alive.
2026-06-08 06:14:25,466 [INFO] command processing is alive.
2026-06-08 06:19:25,837 [INFO] command processing is alive.
2026-06-08 06:24:26,215 [INFO] command processing is alive.
2026-06-08 06:29:26,586 [INFO] command processing is alive.
2026-06-08 06:32:54,197 [INFO] Refreshing listener credentials
2026-06-08 06:32:54,270 [INFO] Scheduling next credential refresh in 1799.0 seconds
2026-06-08 06:34:26,953 [INFO] command processing is alive.
2026-06-08 06:39:27,313 [INFO] command processing is alive.
2026-06-08 06:44:27,669 [INFO] command processing is alive.
2026-06-08 06:49:28,030 [INFO] command processing is alive.
2026-06-08 06:54:28,389 [INFO] command processing is alive.
2026-06-08 06:59:28,759 [INFO] command processing is alive.
2026-06-08 07:02:53,270 [INFO] Refreshing listener credentials
2026-06-08 07:02:53,340 [INFO] Scheduling next credential refresh in 1799.0 seconds
2026-06-08 07:04:29,105 [INFO] command processing is alive.
2026-06-08 07:09:29,474 [INFO] command processing is alive.
2026-06-08 07:14:29,826 [INFO] command processing is alive.
2026-06-08 07:19:30,195 [INFO] command processing is alive.
2026-06-08 07:24:30,565 [INFO] command processing is alive.
2026-06-08 07:29:30,947 [INFO] command processing is alive.
2026-06-08 07:32:52,340 [INFO] Refreshing listener credentials
2026-06-08 07:32:52,410 [INFO] Scheduling next credential refresh in 1799.0 seconds
2026-06-08 07:34:31,300 [INFO] command processing is alive.
2026-06-08 07:39:31,669 [INFO] command processing is alive.
2026-06-08 07:44:32,040 [INFO] command processing is alive.
2026-06-08 07:49:32,399 [INFO] command processing is alive.
2026-06-08 07:54:32,768 [INFO] command processing is alive.
2026-06-08 07:59:33,129 [INFO] command processing is alive.
2026-06-08 08:02:51,410 [INFO] Refreshing listener credentials
2026-06-08 08:02:51,482 [INFO] Scheduling next credential refresh in 1799.0 seconds
2026-06-08 08:04:33,500 [INFO] command processing is alive.
2026-06-08 08:09:33,848 [INFO] command processing is alive.
2026-06-08 08:14:34,213 [INFO] command processing is alive.
2026-06-08 08:19:34,565 [INFO] command processing is alive.
2026-06-08 08:24:34,932 [INFO] command processing is alive.
2026-06-08 08:29:35,311 [INFO] command processing is alive.
2026-06-08 08:32:50,482 [INFO] Refreshing listener credentials
2026-06-08 08:32:50,556 [INFO] Scheduling next credential refresh in 1799.0 seconds
2026-06-08 08:34:35,703 [INFO] command processing is alive.
2026-06-08 08:39:36,091 [INFO] command processing is alive.
2026-06-08 08:44:36,457 [INFO] command processing is alive.
2026-06-08 08:49:36,815 [INFO] command processing is alive.
2026-06-08 08:54:37,172 [INFO] command processing is alive.
2026-06-08 08:59:37,535 [INFO] command processing is alive.
2026-06-08 09:02:49,557 [INFO] Refreshing listener credentials
2026-06-08 09:02:49,655 [INFO] Scheduling next credential refresh in 1799.0 seconds
2026-06-08 09:04:37,886 [INFO] command processing is alive.
2026-06-08 09:09:38,276 [INFO] command processing is alive.
2026-06-08 09:14:38,638 [INFO] command processing is alive.
2026-06-08 09:19:38,994 [INFO] command processing is alive.
2026-06-08 09:24:39,353 [INFO] command processing is alive.
2026-06-08 09:29:39,716 [INFO] command processing is alive.
2026-06-08 09:32:48,656 [INFO] Refreshing listener credentials
2026-06-08 09:32:48,723 [INFO] Scheduling next credential refresh in 1799.0 seconds
2026-06-08 09:34:40,084 [INFO] command processing is alive.
2026-06-08 09:39:40,500 [INFO] command processing is alive.
2026-06-08 09:44:40,873 [INFO] command processing is alive.
2026-06-08 09:49:41,291 [INFO] command processing is alive.
2026-06-08 09:54:41,881 [INFO] command processing is alive.
2026-06-08 09:59:42,314 [INFO] command processing is alive.
2026-06-08 10:02:47,723 [INFO] Refreshing listener credentials
2026-06-08 10:02:47,797 [INFO] Scheduling next credential refresh in 1799.0 seconds
2026-06-08 10:04:42,738 [INFO] command processing is alive.
2026-06-08 10:09:43,158 [INFO] command processing is alive.
2026-06-08 10:14:43,522 [INFO] command processing is alive.
2026-06-08 10:19:43,897 [INFO] command processing is alive.
2026-06-08 10:24:44,281 [INFO] command processing is alive.
2026-06-08 10:29:44,639 [INFO] command processing is alive.
2026-06-08 10:32:46,797 [INFO] Refreshing listener credentials
2026-06-08 10:32:46,867 [INFO] Scheduling next credential refresh in 1799.0 seconds
2026-06-08 10:34:45,024 [INFO] command processing is alive.
2026-06-08 10:39:45,447 [INFO] command processing is alive.
2026-06-08 10:44:45,824 [INFO] command processing is alive.
2026-06-08 10:49:46,185 [INFO] command processing is alive.
2026-06-08 10:54:46,558 [INFO] command processing is alive.
2026-06-08 10:59:46,928 [INFO] command processing is alive.
2026-06-08 11:02:45,867 [INFO] Refreshing listener credentials
2026-06-08 11:02:45,948 [INFO] Scheduling next credential refresh in 1799.0 seconds
2026-06-08 11:04:47,283 [INFO] command processing is alive.
2026-06-08 11:09:47,649 [INFO] command processing is alive.
2026-06-08 11:14:48,002 [INFO] command processing is alive.
2026-06-08 11:19:48,367 [INFO] command processing is alive.
2026-06-08 11:24:48,749 [INFO] command processing is alive.
2026-06-08 11:29:49,156 [INFO] command processing is alive.
2026-06-08 11:32:44,948 [INFO] Refreshing listener credentials
2026-06-08 11:32:45,025 [INFO] Scheduling next credential refresh in 1799.0 seconds
2026-06-08 11:34:49,532 [INFO] command processing is alive.
2026-06-08 11:39:49,954 [INFO] command processing is alive.
2026-06-08 11:44:50,341 [INFO] command processing is alive.
2026-06-08 11:49:50,715 [INFO] command processing is alive.
2026-06-08 11:54:51,089 [INFO] command processing is alive.
2026-06-08 11:59:51,439 [INFO] command processing is alive.
2026-06-08 12:02:44,026 [INFO] Refreshing listener credentials
2026-06-08 12:02:44,091 [INFO] Scheduling next credential refresh in 1799.0 seconds
2026-06-08 12:04:51,848 [INFO] command processing is alive.
2026-06-08 12:09:52,206 [INFO] command processing is alive.
2026-06-08 12:14:52,568 [INFO] command processing is alive.
2026-06-08 12:19:52,930 [INFO] command processing is alive.
2026-06-08 12:24:53,281 [INFO] command processing is alive.
2026-06-08 12:29:53,641 [INFO] command processing is alive.
2026-06-08 12:32:43,092 [INFO] Refreshing listener credentials
2026-06-08 12:32:43,162 [INFO] Scheduling next credential refresh in 1799.0 seconds
2026-06-08 12:34:54,014 [INFO] command processing is alive.
2026-06-08 12:39:54,375 [INFO] command processing is alive.
2026-06-08 12:44:54,737 [INFO] command processing is alive.
2026-06-08 12:49:55,121 [INFO] command processing is alive.
2026-06-08 12:54:55,501 [INFO] command processing is alive.
2026-06-08 12:59:55,889 [INFO] command processing is alive.
2026-06-08 13:02:42,163 [INFO] Refreshing listener credentials
2026-06-08 13:02:42,231 [INFO] Scheduling next credential refresh in 1799.0 seconds
2026-06-08 13:04:56,253 [INFO] command processing is alive.
2026-06-08 13:09:56,622 [INFO] command processing is alive.
2026-06-08 13:14:56,973 [INFO] command processing is alive.
2026-06-08 13:19:57,332 [INFO] command processing is alive.
2026-06-08 13:24:57,699 [INFO] command processing is alive.
2026-06-08 13:29:58,134 [INFO] command processing is alive.
2026-06-08 13:32:41,231 [INFO] Refreshing listener credentials
2026-06-08 13:32:41,298 [INFO] Scheduling next credential refresh in 1799.0 seconds
2026-06-08 13:34:58,491 [INFO] command processing is alive.
2026-06-08 13:39:58,871 [INFO] command processing is alive.
2026-06-08 13:44:59,243 [INFO] command processing is alive.
2026-06-08 13:49:59,607 [INFO] command processing is alive.
2026-06-08 13:54:59,964 [INFO] command processing is alive.
2026-06-08 14:00:00,376 [INFO] command processing is alive.
2026-06-08 14:02:40,299 [INFO] Refreshing listener credentials
2026-06-08 14:02:40,363 [INFO] Scheduling next credential refresh in 1799.0 seconds
2026-06-08 14:05:00,759 [INFO] command processing is alive.
2026-06-08 14:10:01,140 [INFO] command processing is alive.
2026-06-08 14:15:01,603 [INFO] command processing is alive.
2026-06-08 14:20:02,114 [INFO] command processing is alive.
2026-06-08 14:25:02,647 [INFO] command processing is alive.
2026-06-08 14:30:03,087 [INFO] command processing is alive.
2026-06-08 14:32:39,364 [INFO] Refreshing listener credentials
2026-06-08 14:32:39,450 [INFO] Scheduling next credential refresh in 1799.0 seconds
2026-06-08 14:35:03,484 [INFO] command processing is alive.
2026-06-08 14:40:03,842 [INFO] command processing is alive.
2026-06-08 14:45:04,225 [INFO] command processing is alive.
2026-06-08 14:50:04,591 [INFO] command processing is alive.
2026-06-08 14:55:04,954 [INFO] command processing is alive.
2026-06-08 15:00:05,330 [INFO] command processing is alive.
2026-06-08 15:02:38,450 [INFO] Refreshing listener credentials
2026-06-08 15:02:38,518 [INFO] Scheduling next credential refresh in 1799.0 seconds
2026-06-08 15:05:05,699 [INFO] command processing is alive.
2026-06-08 15:10:06,101 [INFO] command processing is alive.
2026-06-08 15:15:06,474 [INFO] command processing is alive.
2026-06-08 15:20:06,831 [INFO] command processing is alive.
2026-06-08 15:25:07,188 [INFO] command processing is alive.
2026-06-08 15:30:07,543 [INFO] command processing is alive.
2026-06-08 15:32:37,519 [INFO] Refreshing listener credentials
2026-06-08 15:32:37,589 [INFO] Scheduling next credential refresh in 1799.0 seconds
2026-06-08 15:35:07,940 [INFO] command processing is alive.
2026-06-08 15:40:08,306 [INFO] command processing is alive.
2026-06-08 15:45:08,688 [INFO] command processing is alive.
2026-06-08 15:50:09,060 [INFO] command processing is alive.
2026-06-08 15:55:09,423 [INFO] command processing is alive.
2026-06-08 16:00:09,795 [INFO] command processing is alive.
2026-06-08 16:02:36,589 [INFO] Refreshing listener credentials
2026-06-08 16:02:36,657 [INFO] Scheduling next credential refresh in 1799.0 seconds
2026-06-08 16:05:10,158 [INFO] command processing is alive.
2026-06-08 16:10:10,517 [INFO] command processing is alive.
2026-06-08 16:15:10,869 [INFO] command processing is alive.
2026-06-08 16:20:11,237 [INFO] command processing is alive.
2026-06-08 16:25:11,599 [INFO] command processing is alive.
2026-06-08 16:30:11,952 [INFO] command processing is alive.
2026-06-08 16:32:35,658 [INFO] Refreshing listener credentials
2026-06-08 16:32:35,737 [INFO] Scheduling next credential refresh in 1799.0 seconds
2026-06-08 16:35:12,317 [INFO] command processing is alive.
2026-06-08 16:40:12,697 [INFO] command processing is alive.
2026-06-08 16:45:13,067 [INFO] command processing is alive.
2026-06-08 16:50:13,436 [INFO] command processing is alive.
2026-06-08 16:55:13,792 [INFO] command processing is alive.
2026-06-08 17:00:14,170 [INFO] command processing is alive.
2026-06-08 17:02:34,738 [INFO] Refreshing listener credentials
2026-06-08 17:02:34,809 [INFO] Scheduling next credential refresh in 1799.0 seconds
2026-06-08 17:05:14,567 [INFO] command processing is alive.
2026-06-08 17:10:14,919 [INFO] command processing is alive.
2026-06-08 17:15:15,292 [INFO] command processing is alive.
2026-06-08 17:20:15,665 [INFO] command processing is alive.
2026-06-08 17:25:16,055 [INFO] command processing is alive.
2026-06-08 17:30:16,422 [INFO] command processing is alive.
2026-06-08 17:32:33,809 [INFO] Refreshing listener credentials
2026-06-08 17:32:33,882 [INFO] Scheduling next credential refresh in 1799.0 seconds
2026-06-08 17:35:16,776 [INFO] command processing is alive.
2026-06-08 17:40:17,127 [INFO] command processing is alive.
2026-06-08 17:45:17,484 [INFO] command processing is alive.
2026-06-08 17:50:17,844 [INFO] command processing is alive.
2026-06-08 17:55:18,244 [INFO] command processing is alive.
2026-06-08 18:00:18,619 [INFO] command processing is alive.
2026-06-08 18:02:32,882 [INFO] Refreshing listener credentials
2026-06-08 18:02:32,949 [INFO] Scheduling next credential refresh in 1799.0 seconds
2026-06-08 18:05:18,976 [INFO] command processing is alive.
2026-06-08 18:10:19,332 [INFO] command processing is alive.
2026-06-08 18:15:19,749 [INFO] command processing is alive.
2026-06-08 18:20:20,213 [INFO] command processing is alive.
2026-06-08 18:25:20,577 [INFO] command processing is alive.
2026-06-08 18:30:20,919 [INFO] command processing is alive.
2026-06-08 18:32:31,949 [INFO] Refreshing listener credentials
2026-06-08 18:32:32,023 [INFO] Scheduling next credential refresh in 1799.0 seconds
2026-06-08 18:35:21,345 [INFO] command processing is alive.
2026-06-08 18:40:21,808 [INFO] command processing is alive.
2026-06-08 18:45:22,254 [INFO] command processing is alive.
2026-06-08 18:50:22,650 [INFO] command processing is alive.
2026-06-08 18:55:23,037 [INFO] command processing is alive.
2026-06-08 19:00:23,427 [INFO] command processing is alive.
2026-06-08 19:02:31,023 [INFO] Refreshing listener credentials
2026-06-08 19:02:31,095 [INFO] Scheduling next credential refresh in 1799.0 seconds
2026-06-08 19:05:23,788 [INFO] command processing is alive.
2026-06-08 19:10:24,152 [INFO] command processing is alive.
2026-06-08 19:15:24,502 [INFO] command processing is alive.
2026-06-08 19:20:24,861 [INFO] command processing is alive.
2026-06-08 19:25:25,236 [INFO] command processing is alive.
2026-06-08 19:30:25,605 [INFO] command processing is alive.
2026-06-08 19:32:30,096 [INFO] Refreshing listener credentials
2026-06-08 19:32:30,171 [INFO] Scheduling next credential refresh in 1799.0 seconds
2026-06-08 19:35:25,969 [INFO] command processing is alive.
2026-06-08 19:40:26,337 [INFO] command processing is alive.
2026-06-08 19:45:26,715 [INFO] command processing is alive.
2026-06-08 19:50:27,092 [INFO] command processing is alive.
2026-06-08 19:55:27,464 [INFO] command processing is alive.
2026-06-08 20:00:27,828 [INFO] command processing is alive.
2026-06-08 20:02:29,171 [INFO] Refreshing listener credentials
2026-06-08 20:02:29,244 [INFO] Scheduling next credential refresh in 1799.0 seconds
2026-06-08 20:05:28,201 [INFO] command processing is alive.
2026-06-08 20:10:28,575 [INFO] command processing is alive.
2026-06-08 20:15:28,941 [INFO] command processing is alive.
2026-06-08 20:20:29,312 [INFO] command processing is alive.
2026-06-08 20:25:29,668 [INFO] command processing is alive.
2026-06-08 20:30:30,048 [INFO] command processing is alive.
2026-06-08 20:32:28,245 [INFO] Refreshing listener credentials
2026-06-08 20:32:28,317 [INFO] Scheduling next credential refresh in 1799.0 seconds
2026-06-08 20:35:30,406 [INFO] command processing is alive.
2026-06-08 20:40:30,754 [INFO] command processing is alive.
2026-06-08 20:45:31,133 [INFO] command processing is alive.
2026-06-08 20:50:31,493 [INFO] command processing is alive.
2026-06-08 20:55:31,851 [INFO] command processing is alive.
2026-06-08 21:00:32,202 [INFO] command processing is alive.
2026-06-08 21:02:27,318 [INFO] Refreshing listener credentials
2026-06-08 21:02:27,389 [INFO] Scheduling next credential refresh in 1799.0 seconds
2026-06-08 21:05:32,580 [INFO] command processing is alive.
2026-06-08 21:10:32,939 [INFO] command processing is alive.
2026-06-08 21:15:33,304 [INFO] command processing is alive.
2026-06-08 21:20:33,652 [INFO] command processing is alive.
2026-06-08 21:25:34,011 [INFO] command processing is alive.
2026-06-08 21:30:34,363 [INFO] command processing is alive.
2026-06-08 21:32:26,389 [INFO] Refreshing listener credentials
2026-06-08 21:32:26,461 [INFO] Scheduling next credential refresh in 1799.0 seconds
2026-06-08 21:35:34,719 [INFO] command processing is alive.
2026-06-08 21:40:35,069 [INFO] command processing is alive.
2026-06-08 21:45:35,440 [INFO] command processing is alive.
2026-06-08 21:50:35,844 [INFO] command processing is alive.
2026-06-08 21:55:36,221 [INFO] command processing is alive.
2026-06-08 22:00:36,587 [INFO] command processing is alive.
2026-06-08 22:02:25,461 [INFO] Refreshing listener credentials
2026-06-08 22:02:25,536 [INFO] Scheduling next credential refresh in 1799.0 seconds
2026-06-08 22:05:36,935 [INFO] command processing is alive.
2026-06-08 22:10:37,288 [INFO] command processing is alive.
2026-06-08 22:15:37,650 [INFO] command processing is alive.
2026-06-08 22:20:38,004 [INFO] command processing is alive.
2026-06-08 22:25:38,365 [INFO] command processing is alive.
2026-06-08 22:30:38,735 [INFO] command processing is alive.
2026-06-08 22:32:24,536 [INFO] Refreshing listener credentials
2026-06-08 22:32:24,604 [INFO] Scheduling next credential refresh in 1799.0 seconds
2026-06-08 22:35:39,090 [INFO] command processing is alive.
2026-06-08 22:40:39,444 [INFO] command processing is alive.
2026-06-08 22:45:39,806 [INFO] command processing is alive.
2026-06-08 22:50:40,237 [INFO] command processing is alive.
2026-06-08 22:55:40,600 [INFO] command processing is alive.
2026-06-08 23:00:40,946 [INFO] command processing is alive.
2026-06-08 23:02:23,604 [INFO] Refreshing listener credentials
2026-06-08 23:02:23,681 [INFO] Scheduling next credential refresh in 1799.0 seconds
2026-06-08 23:05:41,346 [INFO] command processing is alive.
2026-06-08 23:10:41,813 [INFO] command processing is alive.
2026-06-08 23:15:42,294 [INFO] command processing is alive.
2026-06-08 23:20:42,711 [INFO] command processing is alive.
2026-06-08 23:25:45,290 [INFO] command processing is alive.
2026-06-08 23:30:45,652 [INFO] command processing is alive.
2026-06-08 23:32:22,682 [INFO] Refreshing listener credentials
2026-06-08 23:32:22,767 [INFO] Scheduling next credential refresh in 1799.0 seconds
2026-06-08 23:35:46,009 [INFO] command processing is alive.
2026-06-08 23:40:46,371 [INFO] command processing is alive.
2026-06-08 23:45:46,730 [INFO] command processing is alive.
2026-06-08 23:50:47,095 [INFO] command processing is alive.
2026-06-08 23:55:47,463 [INFO] command processing is alive.
2026-06-09 00:00:47,840 [INFO] command processing is alive.
2026-06-09 00:02:21,767 [INFO] Refreshing listener credentials
2026-06-09 00:02:21,841 [INFO] Scheduling next credential refresh in 1799.0 seconds
2026-06-09 00:05:48,202 [INFO] command processing is alive.
2026-06-09 00:10:48,571 [INFO] command processing is alive.
2026-06-09 00:15:48,939 [INFO] command processing is alive.
2026-06-09 00:20:49,312 [INFO] command processing is alive.
2026-06-09 00:25:49,695 [INFO] command processing is alive.
2026-06-09 00:30:50,049 [INFO] command processing is alive.
2026-06-09 00:32:20,842 [INFO] Refreshing listener credentials
2026-06-09 00:32:20,924 [INFO] Scheduling next credential refresh in 1799.0 seconds
2026-06-09 00:35:50,423 [INFO] command processing is alive.
2026-06-09 00:40:50,774 [INFO] command processing is alive.
2026-06-09 00:45:51,133 [INFO] command processing is alive.
2026-06-09 00:50:51,490 [INFO] command processing is alive.
2026-06-09 00:55:51,849 [INFO] command processing is alive.
2026-06-09 01:00:52,209 [INFO] command processing is alive.
2026-06-09 01:02:19,925 [INFO] Refreshing listener credentials
2026-06-09 01:02:20,001 [INFO] Scheduling next credential refresh in 1799.0 seconds
2026-06-09 01:05:52,565 [INFO] command processing is alive.
2026-06-09 01:10:52,925 [INFO] command processing is alive.
2026-06-09 01:15:53,290 [INFO] command processing is alive.
2026-06-09 01:20:53,634 [INFO] command processing is alive.
2026-06-09 01:25:53,989 [INFO] command processing is alive.
2026-06-09 01:30:54,361 [INFO] command processing is alive.
2026-06-09 01:32:19,001 [INFO] Refreshing listener credentials
2026-06-09 01:32:19,082 [INFO] Scheduling next credential refresh in 1799.0 seconds
2026-06-09 01:35:54,719 [INFO] command processing is alive.
2026-06-09 01:40:55,086 [INFO] command processing is alive.
2026-06-09 01:45:55,486 [INFO] command processing is alive.
2026-06-09 01:50:55,851 [INFO] command processing is alive.
2026-06-09 01:55:56,226 [INFO] command processing is alive.
2026-06-09 02:00:56,575 [INFO] command processing is alive.
2026-06-09 02:02:18,082 [INFO] Refreshing listener credentials
2026-06-09 02:02:18,160 [INFO] Scheduling next credential refresh in 1799.0 seconds
2026-06-09 02:05:56,920 [INFO] command processing is alive.
2026-06-09 02:10:57,290 [INFO] command processing is alive.
2026-06-09 02:15:57,638 [INFO] command processing is alive.
2026-06-09 02:20:58,010 [INFO] command processing is alive.
2026-06-09 02:25:58,365 [INFO] command processing is alive.
2026-06-09 02:30:58,728 [INFO] command processing is alive.
2026-06-09 02:32:17,160 [INFO] Refreshing listener credentials
2026-06-09 02:32:17,234 [INFO] Scheduling next credential refresh in 1799.0 seconds
2026-06-09 02:35:59,107 [INFO] command processing is alive.
2026-06-09 02:40:59,475 [INFO] command processing is alive.
2026-06-09 02:45:59,850 [INFO] command processing is alive.
2026-06-09 02:51:00,287 [INFO] command processing is alive.
2026-06-09 02:56:00,650 [INFO] command processing is alive.
2026-06-09 03:01:01,016 [INFO] command processing is alive.
2026-06-09 03:02:16,234 [INFO] Refreshing listener credentials
2026-06-09 03:02:16,326 [INFO] Scheduling next credential refresh in 1799.0 seconds
2026-06-09 03:06:01,472 [INFO] command processing is alive.
2026-06-09 03:11:02,005 [INFO] command processing is alive.
2026-06-09 03:16:02,477 [INFO] command processing is alive.
2026-06-09 03:21:02,847 [INFO] command processing is alive.
2026-06-09 03:26:03,237 [INFO] command processing is alive.
2026-06-09 03:31:03,703 [INFO] command processing is alive.
2026-06-09 03:32:15,326 [INFO] Refreshing listener credentials
2026-06-09 03:32:15,406 [INFO] Scheduling next credential refresh in 1799.0 seconds
2026-06-09 03:36:04,065 [INFO] command processing is alive.
2026-06-09 03:41:04,426 [INFO] command processing is alive.
2026-06-09 03:46:04,793 [INFO] command processing is alive.
2026-06-09 03:51:05,175 [INFO] command processing is alive.
2026-06-09 03:56:05,542 [INFO] command processing is alive.
2026-06-09 04:01:05,910 [INFO] command processing is alive.
2026-06-09 04:02:14,407 [INFO] Refreshing listener credentials
2026-06-09 04:02:14,484 [INFO] Scheduling next credential refresh in 1799.0 seconds
2026-06-09 04:06:06,321 [INFO] command processing is alive.
2026-06-09 04:11:06,687 [INFO] command processing is alive.
2026-06-09 04:16:07,054 [INFO] command processing is alive.
2026-06-09 04:21:07,427 [INFO] command processing is alive.
2026-06-09 04:26:07,789 [INFO] command processing is alive.
2026-06-09 04:31:08,147 [INFO] command processing is alive.
2026-06-09 04:32:13,484 [INFO] Refreshing listener credentials
2026-06-09 04:32:13,586 [INFO] Scheduling next credential refresh in 1799.0 seconds
2026-06-09 04:36:08,513 [INFO] command processing is alive.
2026-06-09 04:41:08,879 [INFO] command processing is alive.
2026-06-09 04:46:09,244 [INFO] command processing is alive.
2026-06-09 04:51:09,607 [INFO] command processing is alive.
2026-06-09 04:56:10,005 [INFO] command processing is alive.
2026-06-09 05:01:10,391 [INFO] command processing is alive.
2026-06-09 05:02:12,587 [INFO] Refreshing listener credentials
2026-06-09 05:02:12,657 [INFO] Scheduling next credential refresh in 1799.0 seconds
2026-06-09 05:06:10,759 [INFO] command processing is alive.
2026-06-09 05:11:11,122 [INFO] command processing is alive.
2026-06-09 05:16:11,481 [INFO] command processing is alive.
2026-06-09 05:21:11,844 [INFO] command processing is alive.
2026-06-09 05:26:12,240 [INFO] command processing is alive.
2026-06-09 05:31:12,588 [INFO] command processing is alive.
2026-06-09 05:32:11,657 [INFO] Refreshing listener credentials
2026-06-09 05:32:11,734 [INFO] Scheduling next credential refresh in 1799.0 seconds
2026-06-09 05:36:12,969 [INFO] command processing is alive.
2026-06-09 05:41:13,347 [INFO] command processing is alive.
2026-06-09 05:46:13,717 [INFO] command processing is alive.
2026-06-09 05:51:14,070 [INFO] command processing is alive.
2026-06-09 05:56:14,431 [INFO] command processing is alive.
2026-06-09 06:01:14,826 [INFO] command processing is alive.
2026-06-09 06:02:10,734 [INFO] Refreshing listener credentials
2026-06-09 06:02:10,815 [INFO] Scheduling next credential refresh in 1799.0 seconds
2026-06-09 06:06:15,192 [INFO] command processing is alive.
2026-06-09 06:11:15,574 [INFO] command processing is alive.
2026-06-09 06:16:15,973 [INFO] command processing is alive.
2026-06-09 06:21:16,370 [INFO] command processing is alive.
2026-06-09 06:26:16,728 [INFO] command processing is alive.
2026-06-09 06:31:17,095 [INFO] command processing is alive.
2026-06-09 06:32:09,816 [INFO] Refreshing listener credentials
2026-06-09 06:32:09,891 [INFO] Scheduling next credential refresh in 1799.0 seconds
2026-06-09 06:36:17,494 [INFO] command processing is alive.
2026-06-09 06:41:17,850 [INFO] command processing is alive.
2026-06-09 06:46:18,229 [INFO] command processing is alive.
2026-06-09 06:51:18,589 [INFO] command processing is alive.
2026-06-09 06:56:18,941 [INFO] command processing is alive.
2026-06-09 07:01:19,308 [INFO] command processing is alive.
2026-06-09 07:02:08,892 [INFO] Refreshing listener credentials
2026-06-09 07:02:08,970 [INFO] Scheduling next credential refresh in 1799.0 seconds
2026-06-09 07:06:19,683 [INFO] command processing is alive.
2026-06-09 07:11:20,093 [INFO] command processing is alive.
2026-06-09 07:16:20,483 [INFO] command processing is alive.
2026-06-09 07:21:20,866 [INFO] command processing is alive.
2026-06-09 07:26:21,347 [INFO] command processing is alive.
2026-06-09 07:31:21,992 [INFO] command processing is alive.
2026-06-09 07:32:07,970 [INFO] Refreshing listener credentials
2026-06-09 07:32:08,042 [INFO] Scheduling next credential refresh in 1799.0 seconds
2026-06-09 07:36:22,448 [INFO] command processing is alive.
2026-06-09 07:41:22,839 [INFO] command processing is alive.
2026-06-09 07:46:23,211 [INFO] command processing is alive.
2026-06-09 07:48:44,598 [INFO] Received command ElasticBeanstalkCommand-AWSEBAutoScalingGroup (invocation id: c635efdc-f3dc-4a51-b59a-c2fa4ed30a4b)
2026-06-09 07:48:44,598 [INFO] Running action for aws-eb-command-handler
2026-06-09 07:48:45,257 [INFO] Action for aws-eb-command-handler succeeded, returning SUCCESS
2026-06-09 07:51:25,522 [INFO] command processing is alive.
2026-06-09 07:56:25,891 [INFO] command processing is alive.
2026-06-09 08:01:26,289 [INFO] command processing is alive.
2026-06-09 08:02:07,042 [INFO] Refreshing listener credentials
2026-06-09 08:02:07,121 [INFO] Scheduling next credential refresh in 1799.0 seconds
2026-06-09 08:06:26,658 [INFO] command processing is alive.
2026-06-09 08:11:27,028 [INFO] command processing is alive.
2026-06-09 08:16:27,407 [INFO] command processing is alive.
2026-06-09 08:21:27,791 [INFO] command processing is alive.
2026-06-09 08:26:28,167 [INFO] command processing is alive.
2026-06-09 08:31:28,549 [INFO] command processing is alive.
2026-06-09 08:32:06,121 [INFO] Refreshing listener credentials
2026-06-09 08:32:06,199 [INFO] Scheduling next credential refresh in 1799.0 seconds
2026-06-09 08:36:28,966 [INFO] command processing is alive.
2026-06-09 08:41:29,325 [INFO] command processing is alive.
2026-06-09 08:46:29,708 [INFO] command processing is alive.
2026-06-09 08:51:30,082 [INFO] command processing is alive.
2026-06-09 08:54:45,523 [INFO] Received command ElasticBeanstalkCommand-AWSEBAutoScalingGroup (invocation id: 6790ff2e-cb5b-4aab-8f5d-d8462804dc8d)
2026-06-09 08:54:45,523 [INFO] Running action for aws-eb-command-handler
2026-06-09 08:54:46,950 [INFO] Action for aws-eb-command-handler succeeded, returning SUCCESS
2026-06-09 08:56:47,153 [INFO] command processing is alive.
2026-06-09 08:59:03,983 [INFO] Received command ElasticBeanstalkCommand-AWSEBAutoScalingGroup (invocation id: 4b23edc6-8757-44b2-8b83-f357c4a380cb)
2026-06-09 08:59:03,984 [INFO] Running action for aws-eb-command-handler
2026-06-09 08:59:04,618 [INFO] Action for aws-eb-command-handler succeeded, returning SUCCESS
2026-06-09 09:02:04,887 [INFO] command processing is alive.
2026-06-09 09:02:05,199 [INFO] Refreshing listener credentials
2026-06-09 09:02:05,271 [INFO] Scheduling next credential refresh in 1799.0 seconds
2026-06-09 09:07:05,287 [INFO] command processing is alive.
2026-06-09 09:12:05,676 [INFO] command processing is alive.
2026-06-09 09:17:06,052 [INFO] command processing is alive.
2026-06-09 09:22:06,432 [INFO] command processing is alive.
2026-06-09 09:22:34,590 [INFO] Received command ElasticBeanstalkCommand-AWSEBAutoScalingGroup (invocation id: 13e41cd1-fe51-415f-b22a-2bac053729d3)
2026-06-09 09:22:34,590 [INFO] Running action for aws-eb-command-handler
2026-06-09 09:22:41,707 [INFO] Action for aws-eb-command-handler succeeded, returning SUCCESS
2026-06-09 09:27:05,070 [INFO] Received command ElasticBeanstalkCommand-AWSEBAutoScalingGroup (invocation id: 8b88ebb6-e89f-4bdb-82ac-43e0c0dfa99a)
2026-06-09 09:27:05,070 [INFO] Running action for aws-eb-command-handler
2026-06-09 09:27:11,670 [INFO] Action for aws-eb-command-handler succeeded, returning SUCCESS
2026-06-09 09:27:11,731 [INFO] command processing is alive.
2026-06-09 09:32:04,271 [INFO] Refreshing listener credentials
2026-06-09 09:32:04,341 [INFO] Scheduling next credential refresh in 1799.0 seconds
2026-06-09 09:32:12,110 [INFO] command processing is alive.
2026-06-09 09:34:22,052 [INFO] Received command ElasticBeanstalkCommand-AWSEBAutoScalingGroup (invocation id: f2382869-21d9-4be4-a931-5a488c947b25)
2026-06-09 09:34:22,052 [INFO] Running action for aws-eb-command-handler
2026-06-09 09:34:28,350 [INFO] Action for aws-eb-command-handler succeeded, returning SUCCESS
2026-06-09 09:36:58,025 [INFO] Received command ElasticBeanstalkCommand-AWSEBAutoScalingGroup (invocation id: b4de6ce1-7890-4e40-9fee-a08fc1c0e5e5)
2026-06-09 09:36:58,025 [INFO] Running action for aws-eb-command-handler
2026-06-09 09:36:58,610 [INFO] Action for aws-eb-command-handler succeeded, returning SUCCESS
2026-06-09 09:37:18,680 [INFO] command processing is alive.
2026-06-09 09:42:19,055 [INFO] command processing is alive.
2026-06-09 09:47:19,409 [INFO] command processing is alive.
2026-06-09 09:52:19,776 [INFO] command processing is alive.
2026-06-09 09:57:20,225 [INFO] command processing is alive.
2026-06-09 10:02:03,342 [INFO] Refreshing listener credentials
2026-06-09 10:02:03,422 [INFO] Scheduling next credential refresh in 1799.0 seconds
2026-06-09 10:02:20,622 [INFO] command processing is alive.
2026-06-09 10:07:21,026 [INFO] command processing is alive.
2026-06-09 10:12:21,496 [INFO] command processing is alive.
2026-06-09 10:15:37,683 [INFO] Received command ElasticBeanstalkCommand-AWSEBAutoScalingGroup (invocation id: 4281e805-6c9b-47ee-b175-2778c252a5c6)
2026-06-09 10:15:37,683 [INFO] Running action for aws-eb-command-handler
2026-06-09 10:15:44,167 [INFO] Action for aws-eb-command-handler succeeded, returning SUCCESS
2026-06-09 10:16:48,722 [INFO] Received command ElasticBeanstalkCommand-AWSEBAutoScalingGroup (invocation id: 8f7ad566-80bb-4213-bc22-b487b4814135)
2026-06-09 10:16:48,722 [INFO] Running action for aws-eb-command-handler
2026-06-09 10:16:49,348 [INFO] Action for aws-eb-command-handler succeeded, returning SUCCESS
2026-06-09 10:17:29,443 [INFO] command processing is alive.
2026-06-09 10:22:10,912 [INFO] Received command ElasticBeanstalkCommand-AWSEBAutoScalingGroup (invocation id: 55e2917a-2e91-4f8e-97d0-4fd30bd35b8c)
2026-06-09 10:22:10,912 [INFO] Running action for aws-eb-command-handler
2026-06-09 10:22:17,170 [INFO] Action for aws-eb-command-handler succeeded, returning SUCCESS
2026-06-09 10:22:37,254 [INFO] command processing is alive.
2026-06-09 10:27:37,631 [INFO] command processing is alive.
2026-06-09 10:32:02,422 [INFO] Refreshing listener credentials
2026-06-09 10:32:02,506 [INFO] Scheduling next credential refresh in 1799.0 seconds
2026-06-09 10:32:38,025 [INFO] command processing is alive.
2026-06-09 10:37:38,402 [INFO] command processing is alive.
2026-06-09 10:39:40,763 [INFO] Received command ElasticBeanstalkCommand-AWSEBAutoScalingGroup (invocation id: 818909f1-04ed-4594-8a9a-d816b06ec66e)
2026-06-09 10:39:40,763 [INFO] Running action for aws-eb-command-handler
2026-06-09 10:39:48,087 [INFO] Action for aws-eb-command-handler succeeded, returning SUCCESS
2026-06-09 10:41:44,055 [INFO] Received command ElasticBeanstalkCommand-AWSEBAutoScalingGroup (invocation id: bfb671ac-6afc-4c19-a79d-a144a4ce647e)
2026-06-09 10:41:44,056 [INFO] Running action for aws-eb-command-handler
2026-06-09 10:41:51,107 [INFO] Action for aws-eb-command-handler succeeded, returning SUCCESS
2026-06-09 10:42:15,493 [INFO] Received command ElasticBeanstalkCommand-AWSEBAutoScalingGroup (invocation id: 2f59af10-9c0f-4ea8-893a-795ea63c1711)
2026-06-09 10:42:15,493 [INFO] Running action for aws-eb-command-handler
2026-06-09 10:42:16,106 [INFO] Action for aws-eb-command-handler succeeded, returning SUCCESS
2026-06-09 10:42:47,059 [INFO] Received command ElasticBeanstalkCommand-AWSEBAutoScalingGroup (invocation id: a4745c54-3f4f-4eea-887e-d897188dfb82)
2026-06-09 10:42:47,059 [INFO] Running action for aws-eb-command-handler
