2026-06-07 15:57:04,280 P1657 [INFO] ************************************************************
2026-06-07 15:57:04,280 P1657 [INFO] ConfigSet _OnInstanceBoot
2026-06-07 15:57:04,282 P1657 [INFO] ++++++++++++++++++++++++++++++++++++++++++++++++++++++++++++
2026-06-07 15:57:04,282 P1657 [INFO] Config AWSEBBaseConfig
2026-06-07 15:57:04,507 P1657 [INFO] ============================================================
2026-06-07 15:57:04,507 P1657 [INFO] Command clearbackupfiles
2026-06-07 15:57:04,517 P1657 [INFO] Completed successfully.
2026-06-07 15:57:04,520 P1657 [INFO] ++++++++++++++++++++++++++++++++++++++++++++++++++++++++++++
2026-06-07 15:57:04,521 P1657 [INFO] Config AWSEBCfnHupEndpointOverride
2026-06-07 15:57:04,521 P1657 [INFO] ============================================================
2026-06-07 15:57:04,521 P1657 [INFO] Command clearbackupfiles
2026-06-07 15:57:04,525 P1657 [INFO] Completed successfully.
2026-06-07 15:57:07,831 P1801 [INFO] ************************************************************
2026-06-07 15:57:07,831 P1801 [INFO] ConfigSet Infra-EmbeddedPreBuild
2026-06-07 15:58:45,544 P5111 [INFO] ************************************************************
2026-06-07 15:58:45,544 P5111 [INFO] ConfigSet Infra-EmbeddedPostBuild
2026-06-09 08:54:46,706 P87791 [INFO] ************************************************************
2026-06-09 08:54:46,706 P87791 [INFO] ConfigSet Infra-EmbeddedPreBuild
2026-06-09 09:22:35,871 P88802 [INFO] ************************************************************
2026-06-09 09:22:35,871 P88802 [INFO] ConfigSet Infra-EmbeddedPreBuild
2026-06-09 09:22:39,277 P88975 [INFO] ************************************************************
2026-06-09 09:22:39,277 P88975 [INFO] ConfigSet Infra-EmbeddedPostBuild
2026-06-09 09:27:06,427 P89360 [INFO] ************************************************************
2026-06-09 09:27:06,427 P89360 [INFO] ConfigSet Infra-EmbeddedPreBuild
2026-06-09 09:27:10,037 P89579 [INFO] ************************************************************
2026-06-09 09:27:10,037 P89579 [INFO] ConfigSet Infra-EmbeddedPostBuild
2026-06-09 09:34:23,391 P90030 [INFO] ************************************************************
2026-06-09 09:34:23,391 P90030 [INFO] ConfigSet Infra-EmbeddedPreBuild
2026-06-09 09:34:26,793 P90205 [INFO] ************************************************************
2026-06-09 09:34:26,793 P90205 [INFO] ConfigSet Infra-EmbeddedPostBuild
2026-06-09 10:15:39,008 P91786 [INFO] ************************************************************
2026-06-09 10:15:39,008 P91786 [INFO] ConfigSet Infra-EmbeddedPreBuild
2026-06-09 10:15:42,494 P92007 [INFO] ************************************************************
2026-06-09 10:15:42,494 P92007 [INFO] ConfigSet Infra-EmbeddedPostBuild
2026-06-09 10:22:12,205 P92469 [INFO] ************************************************************
2026-06-09 10:22:12,206 P92469 [INFO] ConfigSet Infra-EmbeddedPreBuild
2026-06-09 10:22:12,208 P92469 [INFO] ++++++++++++++++++++++++++++++++++++++++++++++++++++++++++++
2026-06-09 10:22:12,208 P92469 [INFO] Config prebuild_0_onebharat_foreigntent
2026-06-09 10:22:15,509 P92642 [INFO] ************************************************************
2026-06-09 10:22:15,509 P92642 [INFO] ConfigSet Infra-EmbeddedPostBuild
2026-06-09 10:39:42,434 P93415 [INFO] ************************************************************
2026-06-09 10:39:42,435 P93415 [INFO] ConfigSet Infra-EmbeddedPreBuild
2026-06-09 10:39:42,437 P93415 [INFO] ++++++++++++++++++++++++++++++++++++++++++++++++++++++++++++
2026-06-09 10:39:42,437 P93415 [INFO] Config prebuild_0_onebharat_foreigntent
2026-06-09 10:39:46,497 P93587 [INFO] ************************************************************
2026-06-09 10:39:46,497 P93587 [INFO] ConfigSet Infra-EmbeddedPostBuild
2026-06-09 10:41:45,592 P93847 [INFO] ************************************************************
2026-06-09 10:41:45,592 P93847 [INFO] ConfigSet Infra-EmbeddedPreBuild
2026-06-09 10:41:45,597 P93847 [INFO] ++++++++++++++++++++++++++++++++++++++++++++++++++++++++++++
2026-06-09 10:41:45,597 P93847 [INFO] Config prebuild_0_onebharat_foreigntent
2026-06-09 10:41:49,525 P94067 [INFO] ************************************************************
2026-06-09 10:41:49,525 P94067 [INFO] ConfigSet Infra-EmbeddedPostBuild
