[2026-06-07T15:57:03Z] Started EB User Data
+ SLEEP_TIME=2
+ SLEEP_TIME_MAX=3600
+ true
+ curl https://elasticbeanstalk-platform-assets-ap-south-1.s3.ap-south-1.amazonaws.com/stalks/eb_go1_amazon_linux_2023_1.0.2810.0_20260527010414/lib/UserDataScript.sh
  % Total    % Received % Xferd  Average Speed   Time    Time     Time  Current
                                 Dload  Upload   Total   Spent    Left  Speed
  0     0   0     0   0     0     0     0  --:--:-- --:--:-- --:--:--     0100  4838 100  4838   0     0 61486     0  --:--:-- --:--:-- --:--:-- 62025
+ RESULT=0
+ [[ 0 -ne 0 ]]
+ /bin/bash /tmp/ebbootstrap.sh 'https://cloudformation-waitcondition-ap-south-1.s3.ap-south-1.amazonaws.com/arn%3Aaws%3Acloudformation%3Aap-south-1%3A821279529027%3Astack/awseb-e-2ta8uv25be-immutable-stack/6d010120-6289-11f1-93e2-06430c6703bd/6d0287c0-6289-11f1-93e2-06430c6703bd/AWSEBInstanceLaunchWaitHandle?X-Amz-Security-Token=IQoJb3JpZ2luX2VjENj%2F%2F%2F%2F%2F%2F%2F%2F%2F%2FwEaCmFwLXNvdXRoLTEiSDBGAiEA1U0mmKp4%2BzyxgVQ9aoBHIYn3N1uXWmmcIhTYxAUGO1kCIQDuN4kBeelDzLMfjgdwnbnW2tv2hl2i%2FAM8qbsCmeG74SrzAgih%2F%2F%2F%2F%2F%2F%2F%2F%2F%2F8BEAYaDDA5ODQyMjgwOTkzNCIMNZTI%2BbJcvIGKNxyEKscCahKmm736oieTVnb9kA6pHxsSEGaWW7ErRLSfxIg3JG1IIOSsA9DT1ZiTFC601psIt1Gl%2FbLnwANFvjl0UuH0meN34nF0oMILa7QB15MokuUshPQvjHNUYeGsHhzInJWL%2ByBYGm01mTflndAluFDD5d3o8RqMxZIxx9WgsCIC0xZTKrnUyN3x2zYIbgB2rLhW5JZqFp6DJF6EF%2B%2FptMpZNfp%2ByeZ4yn4Bv3fhQQ8tgjrSFx%2FjfVyqA%2BWTMIQxwFc9d0TuDT0UJXpTBOiyxDTOMORQU5%2FWaj8AA1Vo%2BKNxRVzy8TFcHdi2kz9zc%2B%2Fxic95CyEeDRAKgreQGudlpw65Ze4LEvpTTRMfOStM5GFud7u4zoySmQUsRoHI6MbXFpNZ0BDMNsJN%2F8nWz33PcenMlrtee7XkO5wRFAZ3LiJjfN0wl9JoNKILMKepltEGOrwBM6VYOMYFq6XIZ9IDo6HnG%2BycT7bxVQ0MNYLxbSaX%2ByrRgCg6RQ1Bi6Rj5BfqgF2fFNA4ILPJa4e7OEgVf%2FwpMFcx3sT5tHp51O5fOhZA13woynhiPLtEpJLzEq4QWv3n18MMFo2YuRM7x8YWhWHweAx6uedlYoqoLjupe1X%2BeE9WGlIweCHWM3ZV9%2FAFTWKv1TfoejlblyKXg1aQTrQEbn3ATQyPKd8mtocUc1B9MB6vxmhnZ9x4H3sxq%2F0%3D&X-Amz-Algorithm=AWS4-HMAC-SHA256&X-Amz-Date=20260607T155623Z&X-Amz-SignedHeaders=host&X-Amz-Expires=43199&X-Amz-Credential=ASIARN2TU4VHMF3475HP%2F20260607%2Fap-south-1%2Fs3%2Faws4_request&X-Amz-Signature=e5f46ee12babfe1509313b83e6e55e11146b6f41e1900285dead6ecd3be82ce9' arn:aws:cloudformation:ap-south-1:821279529027:stack/awseb-e-2ta8uv25be-immutable-stack/6d010120-6289-11f1-93e2-06430c6703bd 86105584-6b5f-4c79-bd4d-d133cd4ad378 https://elasticbeanstalk-health.ap-south-1.amazonaws.com '' https://elasticbeanstalk-platform-assets-ap-south-1.s3.ap-south-1.amazonaws.com/stalks/eb_go1_amazon_linux_2023_1.0.2810.0_20260527010414 ap-south-1
[2026-06-07T15:57:03.862Z] Started EB Bootstrapping Script.
[2026-06-07T15:57:03.879Z] Received parameters:
 TARBALLS = 
 EB_GEMS = 
 SIGNAL_URL = https://cloudformation-waitcondition-ap-south-1.s3.ap-south-1.amazonaws.com/arn%3Aaws%3Acloudformation%3Aap-south-1%3A821279529027%3Astack/awseb-e-2ta8uv25be-immutable-stack/6d010120-6289-11f1-93e2-06430c6703bd/6d0287c0-6289-11f1-93e2-06430c6703bd/AWSEBInstanceLaunchWaitHandle?X-Amz-Security-Token=IQoJb3JpZ2luX2VjENj%2F%2F%2F%2F%2F%2F%2F%2F%2F%2FwEaCmFwLXNvdXRoLTEiSDBGAiEA1U0mmKp4%2BzyxgVQ9aoBHIYn3N1uXWmmcIhTYxAUGO1kCIQDuN4kBeelDzLMfjgdwnbnW2tv2hl2i%2FAM8qbsCmeG74SrzAgih%2F%2F%2F%2F%2F%2F%2F%2F%2F%2F8BEAYaDDA5ODQyMjgwOTkzNCIMNZTI%2BbJcvIGKNxyEKscCahKmm736oieTVnb9kA6pHxsSEGaWW7ErRLSfxIg3JG1IIOSsA9DT1ZiTFC601psIt1Gl%2FbLnwANFvjl0UuH0meN34nF0oMILa7QB15MokuUshPQvjHNUYeGsHhzInJWL%2ByBYGm01mTflndAluFDD5d3o8RqMxZIxx9WgsCIC0xZTKrnUyN3x2zYIbgB2rLhW5JZqFp6DJF6EF%2B%2FptMpZNfp%2ByeZ4yn4Bv3fhQQ8tgjrSFx%2FjfVyqA%2BWTMIQxwFc9d0TuDT0UJXpTBOiyxDTOMORQU5%2FWaj8AA1Vo%2BKNxRVzy8TFcHdi2kz9zc%2B%2Fxic95CyEeDRAKgreQGudlpw65Ze4LEvpTTRMfOStM5GFud7u4zoySmQUsRoHI6MbXFpNZ0BDMNsJN%2F8nWz33PcenMlrtee7XkO5wRFAZ3LiJjfN0wl9JoNKILMKepltEGOrwBM6VYOMYFq6XIZ9IDo6HnG%2BycT7bxVQ0MNYLxbSaX%2ByrRgCg6RQ1Bi6Rj5BfqgF2fFNA4ILPJa4e7OEgVf%2FwpMFcx3sT5tHp51O5fOhZA13woynhiPLtEpJLzEq4QWv3n18MMFo2YuRM7x8YWhWHweAx6uedlYoqoLjupe1X%2BeE9WGlIweCHWM3ZV9%2FAFTWKv1TfoejlblyKXg1aQTrQEbn3ATQyPKd8mtocUc1B9MB6vxmhnZ9x4H3sxq%2F0%3D&X-Amz-Algorithm=AWS4-HMAC-SHA256&X-Amz-Date=20260607T155623Z&X-Amz-SignedHeaders=host&X-Amz-Expires=43199&X-Amz-Credential=ASIARN2TU4VHMF3475HP%2F20260607%2Fap-south-1%2Fs3%2Faws4_request&X-Amz-Signature=e5f46ee12babfe1509313b83e6e55e11146b6f41e1900285dead6ecd3be82ce9
 STACK_ID = arn:aws:cloudformation:ap-south-1:821279529027:stack/awseb-e-2ta8uv25be-immutable-stack/6d010120-6289-11f1-93e2-06430c6703bd
 REGION = ap-south-1
 GUID = 
 HEALTHD_GROUP_ID = 86105584-6b5f-4c79-bd4d-d133cd4ad378
 HEALTHD_ENDPOINT = https://elasticbeanstalk-health.ap-south-1.amazonaws.com
 PROXY_SERVER = 
 HEALTHD_PROXY_LOG_LOCATION = 
 PLATFORM_ASSETS_URL = https://elasticbeanstalk-platform-assets-ap-south-1.s3.ap-south-1.amazonaws.com/stalks/eb_go1_amazon_linux_2023_1.0.2810.0_20260527010414
[2026-06-07T15:57:03.918Z] engine url is set to https://elasticbeanstalk-platform-assets-ap-south-1.s3.ap-south-1.amazonaws.com/stalks/eb_go1_amazon_linux_2023_1.0.2810.0_20260527010414/lib/platform-engine.zip
[2026-06-07T15:57:03.924Z] first init of instance.
[2026-06-07T15:57:03.928Z] Started executing cfn_init _OnInstanceBoot.
[2026-06-07T15:57:03.932Z] Running cfn-init ConfigSet: _OnInstanceBoot.
[2026-06-07T15:57:03.936Z] Using stack-id from userdata
[2026-06-07T15:57:04.553Z] Command Returned: 
[2026-06-07T15:57:04.556Z] Completed executing cfn_init.
[2026-06-07T15:57:04.558Z] finished _OnInstanceBoot
[2026-06-07T15:57:04.561Z] installing platform engine
2026-06-07 15:57:05 URL:https://elasticbeanstalk-platform-assets-ap-south-1.s3.ap-south-1.amazonaws.com/stalks/eb_go1_amazon_linux_2023_1.0.2810.0_20260527010414/lib/platform-engine.zip [37555974/37555974] -> "/tmp/platform-engine.zip" [1]
[2026-06-07T15:57:05.819Z] executing platform engine. see /var/log/eb-engine.log.
[2026-06-07T15:58:49.301Z] Successfully bootstrapped instance.
[2026-06-07T15:58:49.307Z] Sending signal 0 to CFN wait condition https://cloudformation-waitcondition-ap-south-1.s3.ap-south-1.amazonaws.com/arn%3Aaws%3Acloudformation%3Aap-south-1%3A821279529027%3Astack/awseb-e-2ta8uv25be-immutable-stack/6d010120-6289-11f1-93e2-06430c6703bd/6d0287c0-6289-11f1-93e2-06430c6703bd/AWSEBInstanceLaunchWaitHandle?X-Amz-Security-Token=IQoJb3JpZ2luX2VjENj%2F%2F%2F%2F%2F%2F%2F%2F%2F%2FwEaCmFwLXNvdXRoLTEiSDBGAiEA1U0mmKp4%2BzyxgVQ9aoBHIYn3N1uXWmmcIhTYxAUGO1kCIQDuN4kBeelDzLMfjgdwnbnW2tv2hl2i%2FAM8qbsCmeG74SrzAgih%2F%2F%2F%2F%2F%2F%2F%2F%2F%2F8BEAYaDDA5ODQyMjgwOTkzNCIMNZTI%2BbJcvIGKNxyEKscCahKmm736oieTVnb9kA6pHxsSEGaWW7ErRLSfxIg3JG1IIOSsA9DT1ZiTFC601psIt1Gl%2FbLnwANFvjl0UuH0meN34nF0oMILa7QB15MokuUshPQvjHNUYeGsHhzInJWL%2ByBYGm01mTflndAluFDD5d3o8RqMxZIxx9WgsCIC0xZTKrnUyN3x2zYIbgB2rLhW5JZqFp6DJF6EF%2B%2FptMpZNfp%2ByeZ4yn4Bv3fhQQ8tgjrSFx%2FjfVyqA%2BWTMIQxwFc9d0TuDT0UJXpTBOiyxDTOMORQU5%2FWaj8AA1Vo%2BKNxRVzy8TFcHdi2kz9zc%2B%2Fxic95CyEeDRAKgreQGudlpw65Ze4LEvpTTRMfOStM5GFud7u4zoySmQUsRoHI6MbXFpNZ0BDMNsJN%2F8nWz33PcenMlrtee7XkO5wRFAZ3LiJjfN0wl9JoNKILMKepltEGOrwBM6VYOMYFq6XIZ9IDo6HnG%2BycT7bxVQ0MNYLxbSaX%2ByrRgCg6RQ1Bi6Rj5BfqgF2fFNA4ILPJa4e7OEgVf%2FwpMFcx3sT5tHp51O5fOhZA13woynhiPLtEpJLzEq4QWv3n18MMFo2YuRM7x8YWhWHweAx6uedlYoqoLjupe1X%2BeE9WGlIweCHWM3ZV9%2FAFTWKv1TfoejlblyKXg1aQTrQEbn3ATQyPKd8mtocUc1B9MB6vxmhnZ9x4H3sxq%2F0%3D&X-Amz-Algorithm=AWS4-HMAC-SHA256&X-Amz-Date=20260607T155623Z&X-Amz-SignedHeaders=host&X-Amz-Expires=43199&X-Amz-Credential=ASIARN2TU4VHMF3475HP%2F20260607%2Fap-south-1%2Fs3%2Faws4_request&X-Amz-Signature=e5f46ee12babfe1509313b83e6e55e11146b6f41e1900285dead6ecd3be82ce9
CloudFormation signaled successfully with status SUCCESS
[2026-06-07T15:58:49.559Z] Tailing /var/log/eb-engine.log

******************* eb-engine taillog *******************
2026/06/07 15:58:45.641083 [INFO] All processes have been fully terminated
2026/06/07 15:58:45.641087 [INFO] Removing /var/app/current/ if it exists
2026/06/07 15:58:45.641100 [INFO] Renaming /var/app/staging/ to /var/app/current/
2026/06/07 15:58:45.641135 [INFO] Register application processes...
2026/06/07 15:58:45.641141 [INFO] Registering the proc: web

2026/06/07 15:58:45.641149 [INFO] Running command: systemctl show -p PartOf web.service
2026/06/07 15:58:45.652738 [INFO] Running command: systemctl daemon-reload
2026/06/07 15:58:45.884599 [INFO] Running command: systemctl reset-failed
2026/06/07 15:58:45.917421 [INFO] Running command: systemctl is-enabled eb-app.target
2026/06/07 15:58:45.930650 [INFO] Running command: systemctl enable eb-app.target
2026/06/07 15:58:46.205142 [INFO] Running command: systemctl start eb-app.target
2026/06/07 15:58:46.254215 [INFO] Running command: systemctl enable web.service
2026/06/07 15:58:46.555195 [INFO] Created symlink /etc/systemd/system/multi-user.target.wants/web.service → /etc/systemd/system/web.service.

2026/06/07 15:58:46.555227 [INFO] Running command: systemctl show -p PartOf web.service
2026/06/07 15:58:46.606975 [INFO] Running command: systemctl is-active web.service
2026/06/07 15:58:46.615065 [INFO] Running command: systemctl start web.service
2026/06/07 15:58:48.682251 [INFO] Executing instruction: start X-Ray
2026/06/07 15:58:48.682259 [INFO] X-Ray is not enabled.
2026/06/07 15:58:48.682261 [INFO] Executing instruction: start proxy with new configuration
2026/06/07 15:58:48.682282 [INFO] Running command: /usr/sbin/nginx -t -c /var/proxy/staging/nginx/nginx.conf
2026/06/07 15:58:48.747523 [INFO] nginx: [warn] could not build optimal types_hash, you should increase either types_hash_max_size: 1024 or types_hash_bucket_size: 64; ignoring types_hash_bucket_size
nginx: the configuration file /var/proxy/staging/nginx/nginx.conf syntax is ok
nginx: configuration file /var/proxy/staging/nginx/nginx.conf test is successful

2026/06/07 15:58:48.747609 [INFO] Running command: cp -rp /var/proxy/staging/nginx/* /etc/nginx
2026/06/07 15:58:48.754195 [INFO] Running command: systemctl show -p PartOf nginx.service
2026/06/07 15:58:48.778602 [INFO] Running command: systemctl daemon-reload
2026/06/07 15:58:49.031533 [INFO] Running command: systemctl reset-failed
2026/06/07 15:58:49.040336 [INFO] Running command: systemctl show -p PartOf nginx.service
2026/06/07 15:58:49.053781 [INFO] Running command: systemctl is-active nginx.service
2026/06/07 15:58:49.062476 [INFO] Running command: systemctl start nginx.service
2026/06/07 15:58:49.182361 [INFO] Executing instruction: configureSqsd
2026/06/07 15:58:49.182377 [INFO] This is a web server environment instance, skip configure sqsd daemon ...
2026/06/07 15:58:49.182381 [INFO] Executing instruction: startSqsd
2026/06/07 15:58:49.182385 [INFO] This is a web server environment instance, skip start sqsd daemon ...
2026/06/07 15:58:49.182396 [INFO] Executing instruction: Track pids in healthd
2026/06/07 15:58:49.182400 [INFO] This is an enhanced health env...
2026/06/07 15:58:49.182413 [INFO] Running command: systemctl show -p ConsistsOf aws-eb.target | cut -d= -f2
2026/06/07 15:58:49.193819 [INFO] healthd.service cfn-hup.service nginx.service

2026/06/07 15:58:49.193851 [INFO] Running command: systemctl show -p ConsistsOf eb-app.target | cut -d= -f2
2026/06/07 15:58:49.204335 [INFO] web.service

2026/06/07 15:58:49.204747 [INFO] Executing instruction: RunAppDeployPostDeployHooks
2026/06/07 15:58:49.204759 [INFO] No hooks found in .platform/hooks/postdeploy/, skipping
2026/06/07 15:58:49.204762 [INFO] Executing cleanup logic
2026/06/07 15:58:49.299141 [INFO] Platform Engine finished execution on command: self-startup
******************* End of taillog *******************


[2026-06-07T15:58:49.641Z] Tailing /var/log/eb-tools.log

******************* eb-tools taillog *******************
***eb-tools is not available yet.***
******************* End of taillog *******************


[2026-06-07T15:58:49.644Z] Tailing /var/log/eb-hooks.log

******************* eb-hooks taillog *******************
***eb-hooks is not available yet.***
******************* End of taillog *******************


[2026-06-07T15:58:49.646Z] Tailing /var/log/cfn-init.log

******************* cfn-init taillog *******************
2026-06-07 15:57:04,272 [INFO] -----------------------Starting build-----------------------
2026-06-07 15:57:04,277 [INFO] Running configSets: _OnInstanceBoot
2026-06-07 15:57:04,279 [INFO] Running configSet _OnInstanceBoot
2026-06-07 15:57:04,282 [INFO] Running config AWSEBBaseConfig
2026-06-07 15:57:04,517 [INFO] Command clearbackupfiles succeeded
2026-06-07 15:57:04,520 [INFO] Running config AWSEBCfnHupEndpointOverride
2026-06-07 15:57:04,525 [INFO] Command clearbackupfiles succeeded
2026-06-07 15:57:04,526 [INFO] ConfigSets completed
2026-06-07 15:57:04,526 [INFO] -----------------------Build complete-----------------------
2026-06-07 15:57:07,824 [INFO] -----------------------Starting build-----------------------
2026-06-07 15:57:07,829 [INFO] Running configSets: Infra-EmbeddedPreBuild
2026-06-07 15:57:07,831 [INFO] Running configSet Infra-EmbeddedPreBuild
2026-06-07 15:57:07,831 [INFO] ConfigSets completed
2026-06-07 15:57:07,832 [INFO] -----------------------Build complete-----------------------
2026-06-07 15:58:45,535 [INFO] -----------------------Starting build-----------------------
2026-06-07 15:58:45,541 [INFO] Running configSets: Infra-EmbeddedPostBuild
2026-06-07 15:58:45,544 [INFO] Running configSet Infra-EmbeddedPostBuild
2026-06-07 15:58:45,544 [INFO] ConfigSets completed
2026-06-07 15:58:45,544 [INFO] -----------------------Build complete-----------------------
******************* End of taillog *******************


[2026-06-07T15:58:49.650Z] Tailing /var/log/cfn-hup.log

******************* cfn-hup taillog *******************
2026-06-07 15:57:07,709 [DEBUG] CloudFormation client initialized with endpoint https://cloudformation.ap-south-1.amazonaws.com
2026-06-07 15:57:07,710 [DEBUG] SQS client initialized with endpoint https://sqs.ap-south-1.amazonaws.com
2026-06-07 15:57:07,710 [DEBUG] CloudFormation client initialized with endpoint https://cloudformation.ap-south-1.amazonaws.com
2026-06-07 15:57:07,710 [DEBUG] Enabled single threading mode.
2026-06-07 15:57:07,710 [DEBUG] Creating /var/lib/cfn-hup/data
2026-06-07 15:57:07,723 [INFO] No umask value specified in config file. Using the default one: 0o22
2026-06-07 15:57:07,789 [INFO] Pid: 1797
2026-06-07 15:57:08,049 [INFO] Refreshing listener credentials
2026-06-07 15:57:08,130 [INFO] Scheduling next credential refresh in 1800.0 seconds
******************* End of taillog *******************


[2026-06-07T15:58:49.655Z] Completed EB Bootstrapping Script.
+ RESULT=0
+ [[ 0 -ne 0 ]]
+ exit 0
