2026/06/09 07:48:45.204635 [INFO] Cleaning log publish record...
2026/06/09 07:48:45.204666 [INFO] Start log publish job.
2026/06/09 07:48:45.204669 [INFO] Start publish file /tmp/TailLogs-1780991325196.txt
2026/06/09 07:48:45.254699 [INFO] Successful upload file /tmp/TailLogs-1780991325196.txt to s3 resources/environments/logs/tail/e-2ta8uv25be/i-09769252ad78ece22/TailLogs-1780991325196.txt
2026/06/09 07:48:45.254853 [INFO] Finished log publish job.
2026/06/09 08:59:04.572121 [INFO] Cleaning log publish record...
2026/06/09 08:59:04.572167 [INFO] /tmp/TailLogs-1780991325196.txt exists, no need for clean up
2026/06/09 08:59:04.572170 [INFO] Start log publish job.
2026/06/09 08:59:04.572172 [INFO] Start publish file /tmp/TailLogs-1780995544563.txt
2026/06/09 08:59:04.616841 [INFO] Successful upload file /tmp/TailLogs-1780995544563.txt to s3 resources/environments/logs/tail/e-2ta8uv25be/i-09769252ad78ece22/TailLogs-1780995544563.txt
2026/06/09 08:59:04.616975 [INFO] Finished log publish job.
2026/06/09 09:36:58.556513 [INFO] Cleaning log publish record...
2026/06/09 09:36:58.556571 [INFO] /tmp/TailLogs-1780991325196.txt exists, no need for clean up
2026/06/09 09:36:58.556577 [INFO] /tmp/TailLogs-1780995544563.txt exists, no need for clean up
2026/06/09 09:36:58.556579 [INFO] Start log publish job.
2026/06/09 09:36:58.556581 [INFO] Start publish file /tmp/TailLogs-1780997818546.txt
2026/06/09 09:36:58.608338 [INFO] Successful upload file /tmp/TailLogs-1780997818546.txt to s3 resources/environments/logs/tail/e-2ta8uv25be/i-09769252ad78ece22/TailLogs-1780997818546.txt
2026/06/09 09:36:58.608624 [INFO] Finished log publish job.
2026/06/09 10:16:49.294662 [INFO] Cleaning log publish record...
2026/06/09 10:16:49.294704 [INFO] /tmp/TailLogs-1780991325196.txt exists, no need for clean up
2026/06/09 10:16:49.294709 [INFO] /tmp/TailLogs-1780995544563.txt exists, no need for clean up
2026/06/09 10:16:49.294713 [INFO] /tmp/TailLogs-1780997818546.txt exists, no need for clean up
2026/06/09 10:16:49.294715 [INFO] Start log publish job.
2026/06/09 10:16:49.294718 [INFO] Start publish file /tmp/TailLogs-1781000209286.txt
2026/06/09 10:16:49.345926 [INFO] Successful upload file /tmp/TailLogs-1781000209286.txt to s3 resources/environments/logs/tail/e-2ta8uv25be/i-09769252ad78ece22/TailLogs-1781000209286.txt
2026/06/09 10:16:49.346078 [INFO] Finished log publish job.
2026/06/09 10:42:16.056085 [INFO] Cleaning log publish record...
2026/06/09 10:42:16.056125 [INFO] /tmp/TailLogs-1780991325196.txt exists, no need for clean up
2026/06/09 10:42:16.056130 [INFO] /tmp/TailLogs-1780995544563.txt exists, no need for clean up
2026/06/09 10:42:16.056136 [INFO] /tmp/TailLogs-1780997818546.txt exists, no need for clean up
2026/06/09 10:42:16.056140 [INFO] /tmp/TailLogs-1781000209286.txt exists, no need for clean up
2026/06/09 10:42:16.056142 [INFO] Start log publish job.
2026/06/09 10:42:16.056144 [INFO] Start publish file /tmp/TailLogs-1781001736048.txt
2026/06/09 10:42:16.103381 [INFO] Successful upload file /tmp/TailLogs-1781001736048.txt to s3 resources/environments/logs/tail/e-2ta8uv25be/i-09769252ad78ece22/TailLogs-1781001736048.txt
2026/06/09 10:42:16.103566 [INFO] Finished log publish job.
