2026-06-09 11:12:15,212 P1657 [INFO] ************************************************************
2026-06-09 11:12:15,212 P1657 [INFO] ConfigSet _OnInstanceBoot
2026-06-09 11:12:15,214 P1657 [INFO] ++++++++++++++++++++++++++++++++++++++++++++++++++++++++++++
2026-06-09 11:12:15,214 P1657 [INFO] Config AWSEBBaseConfig
2026-06-09 11:12:15,467 P1657 [INFO] ============================================================
2026-06-09 11:12:15,467 P1657 [INFO] Command clearbackupfiles
2026-06-09 11:12:15,478 P1657 [INFO] Completed successfully.
2026-06-09 11:12:15,482 P1657 [INFO] ++++++++++++++++++++++++++++++++++++++++++++++++++++++++++++
2026-06-09 11:12:15,482 P1657 [INFO] Config AWSEBCfnHupEndpointOverride
2026-06-09 11:12:15,483 P1657 [INFO] ============================================================
2026-06-09 11:12:15,483 P1657 [INFO] Command clearbackupfiles
2026-06-09 11:12:15,487 P1657 [INFO] Completed successfully.
2026-06-09 11:12:18,980 P1799 [INFO] ************************************************************
2026-06-09 11:12:18,980 P1799 [INFO] ConfigSet Infra-EmbeddedPreBuild
2026-06-09 11:13:37,609 P3557 [INFO] ************************************************************
2026-06-09 11:13:37,609 P3557 [INFO] ConfigSet _OnInstanceReboot
2026-06-09 11:13:37,611 P3557 [INFO] ++++++++++++++++++++++++++++++++++++++++++++++++++++++++++++
2026-06-09 11:13:37,611 P3557 [INFO] Config AWSEBBaseConfig
2026-06-09 11:13:37,817 P3557 [INFO] ============================================================
2026-06-09 11:13:37,817 P3557 [INFO] Command clearbackupfiles
2026-06-09 11:13:37,822 P3557 [INFO] Completed successfully.
2026-06-09 11:13:38,832 P3585 [INFO] ************************************************************
2026-06-09 11:13:38,832 P3585 [INFO] ConfigSet Infra-EmbeddedPreBuild
2026-06-09 11:14:41,254 P6081 [INFO] ************************************************************
2026-06-09 11:14:41,254 P6081 [INFO] ConfigSet Infra-EmbeddedPostBuild
2026-06-09 11:22:56,332 P6679 [INFO] ************************************************************
2026-06-09 11:22:56,332 P6679 [INFO] ConfigSet Infra-EmbeddedPreBuild
2026-06-09 11:22:56,335 P6679 [INFO] ++++++++++++++++++++++++++++++++++++++++++++++++++++++++++++
2026-06-09 11:22:56,335 P6679 [INFO] Config prebuild_0_onebharat_foreigntent
2026-06-11 09:59:33,635 P136736 [INFO] ************************************************************
2026-06-11 09:59:33,636 P136736 [INFO] ConfigSet Infra-EmbeddedPreBuild
2026-06-11 09:59:33,641 P136736 [INFO] ++++++++++++++++++++++++++++++++++++++++++++++++++++++++++++
2026-06-11 09:59:33,641 P136736 [INFO] Config prebuild_0_onebharat_foreigntent
2026-06-11 10:03:43,656 P137234 [INFO] ************************************************************
2026-06-11 10:03:43,657 P137234 [INFO] ConfigSet Infra-EmbeddedPreBuild
2026-06-11 10:03:43,659 P137234 [INFO] ++++++++++++++++++++++++++++++++++++++++++++++++++++++++++++
2026-06-11 10:03:43,659 P137234 [INFO] Config prebuild_0_onebharat_foreigntent
2026-06-11 10:05:31,314 P137540 [INFO] ************************************************************
2026-06-11 10:05:31,314 P137540 [INFO] ConfigSet Infra-EmbeddedPreBuild
2026-06-11 10:05:31,318 P137540 [INFO] ++++++++++++++++++++++++++++++++++++++++++++++++++++++++++++
2026-06-11 10:05:31,318 P137540 [INFO] Config prebuild_0_onebharat_foreigntent
2026-06-14 04:19:32,374 P281809 [INFO] ************************************************************
2026-06-14 04:19:32,375 P281809 [INFO] ConfigSet Infra-EmbeddedPreBuild
2026-06-14 04:19:32,377 P281809 [INFO] ++++++++++++++++++++++++++++++++++++++++++++++++++++++++++++
2026-06-14 04:19:32,377 P281809 [INFO] Config prebuild_0_onebharat_foreigntent
2026-06-14 04:19:32,381 P281809 [INFO] ++++++++++++++++++++++++++++++++++++++++++++++++++++++++++++
2026-06-14 04:19:32,381 P281809 [INFO] Config prebuild_1_onebharat_foreigntent
2026-06-14 04:19:32,382 P281809 [INFO] ============================================================
2026-06-14 04:19:32,382 P281809 [INFO] Command build_app
2026-06-14 04:19:32,400 P281809 [INFO] -----------------------Command Output-----------------------
2026-06-14 04:19:32,400 P281809 [INFO] 	go: go.mod requires go >= 1.26.2 (running go 1.25.10; GOTOOLCHAIN=local)
2026-06-14 04:19:32,400 P281809 [INFO] ------------------------------------------------------------
2026-06-14 04:19:32,400 P281809 [ERROR] Exited with error code 1
2026-06-14 05:11:03,418 P284697 [INFO] ************************************************************
2026-06-14 05:11:03,418 P284697 [INFO] ConfigSet Infra-EmbeddedPreBuild
2026-06-14 05:16:28,618 P284937 [INFO] ************************************************************
2026-06-14 05:16:28,618 P284937 [INFO] ConfigSet Infra-EmbeddedPreBuild
2026-06-14 05:30:09,437 P285418 [INFO] ************************************************************
2026-06-14 05:30:09,437 P285418 [INFO] ConfigSet Infra-EmbeddedPreBuild
2026-06-14 05:42:11,234 P285836 [INFO] ************************************************************
2026-06-14 05:42:11,234 P285836 [INFO] ConfigSet Infra-EmbeddedPreBuild
2026-06-14 05:42:11,237 P285836 [INFO] ++++++++++++++++++++++++++++++++++++++++++++++++++++++++++++
2026-06-14 05:42:11,237 P285836 [INFO] Config prebuild_0_onebharat_foreigntent
2026-06-14 05:42:11,241 P285836 [INFO] ++++++++++++++++++++++++++++++++++++++++++++++++++++++++++++
2026-06-14 05:42:11,241 P285836 [INFO] Config prebuild_1_onebharat_foreigntent
2026-06-14 05:42:11,241 P285836 [INFO] ============================================================
2026-06-14 05:42:11,241 P285836 [INFO] Command build_app
2026-06-14 05:42:11,248 P285836 [INFO] -----------------------Command Output-----------------------
2026-06-14 05:42:11,248 P285836 [INFO] 	go: go.mod requires go >= 1.26.2 (running go 1.25.10; GOTOOLCHAIN=local)
2026-06-14 05:42:11,249 P285836 [INFO] ------------------------------------------------------------
2026-06-14 05:42:11,249 P285836 [ERROR] Exited with error code 1
